// Jest Snapshot v1, https://goo.gl/fbAQLP

exports[`App renders correctly 1`] = `
<DocumentFragment>
  <div
    class="App"
  >
    <h1>
      Surreal 
      <img
        alt="Logo"
        class="App__logo"
        src="logo.jpeg"
      />
       Estate
    </h1>
    <div
      class="navbar"
    >
      <ul
        class="navbar__links"
      >
        <li
          class="navbar__links__item"
        >
          <a
            href="/"
          >
            View Properties
          </a>
        </li>
        <li
          class="navbar__links__item"
        >
          <a
            href="/add-property"
          >
            Add a Property
          </a>
        </li>
      </ul>
    </div>
    <div>
      Properties Page
    </div>
  </div>
</DocumentFragment>
`;
