// Jest Snapshot v1, https://goo.gl/fbAQLP

exports[`NavBar renders correctly 1`] = `
<DocumentFragment>
  <div
    class="navbar"
  >
    <ul
      class="navbar__links"
    >
      <li
        class="navbar__links__item"
      >
        <a
          href="/"
        >
          View all Properties
        </a>
      </li>
      <li
        class="navbar__links__item"
      >
        <a
          href="/add-property"
        >
          Add a Property
        </a>
      </li>
    </ul>
  </div>
</DocumentFragment>
`;
